test thread_utils::base::tests::test_receiver_lifetime_sender_persistence_through_timeout ... FAILED
test thread_utils::base::tests::test_spawn_with_collector_basic ... FAILED
test thread_utils::base::tests::test_spawn_with_collector_complex ... FAILED
test thread_utils::base::tests::test_spawn_with_collector_panic_propagation ... FAILED
test thread_utils::base::tests::test_streaming_collector_stream_collect_timeout_no_receiver ... FAILED
test thread_utils::base::tests::test_streaming_collector_try_push ... FAILED
test thread_utils::result_collector::tests::test_early_return_receiver_cleanup_multiple_scenarios ... FAILED
test thread_utils::result_collector::tests::test_error_handling_in_teardown ... FAILED
